]0;~]0;abp2558@educcomp01: ~[01;32mabp2558@educcomp01[00m:[01;34m~[00m$ cd /path/to/your/directory
bash: cd: /path/to/your/directory: No such file or directory
]0;~]0;abp2558@educcomp01: ~[01;32mabp2558@educcomp01[00m:[01;34m~[00m$ git clone https://github.com/ArmaanPahuja/assignment-4-exercise-1.git
Cloning into 'assignment-4-exercise-1'...
remote: Enumerating objects: 3, done.[K
remote: Counting objects:  33% (1/3)[Kremote: Counting objects:  66% (2/3)[Kremote: Counting objects: 100% (3/3)[Kremote: Counting objects: 100% (3/3), done.[K
remote: Total 3 (delta 0), reused 0 (delta 0), pack-reused 0 (from 0)[K
Unpacking objects:  33% (1/3)Unpacking objects:  66% (2/3)Unpacking objects: 100% (3/3)Unpacking objects: 100% (3/3), 879 bytes | 175.00 KiB/s, done.
]0;~]0;abp2558@educcomp01: ~[01;32mabp2558@educcomp01[00m:[01;34m~[00m$ cd my-new-repo
bash: cd: my-new-repo: No such file or directory
]0;~]0;abp2558@educcomp01: ~[01;32mabp2558@educcomp01[00m:[01;34m~[00m$ echo "Hello" > hello.txt   [K[K[K[Kt[C[C
]0;~]0;abp2558@educcomp01: ~[01;32mabp2558@educcomp01[00m:[01;34m~[00m$ git add hello.txt
]0;~]0;abp2558@educcomp01: ~[01;32mabp2558@educcomp01[00m:[01;34m~[00m$ git commit -m "Add hello.txt file"
[main 9ff33f8] Add hello.txt file
 Committer: Armaan Pahuja <abp2558@educcomp01.ccbb.utexas.edu>
Your name and email address were configured automatically based
on your username and hostname. Please check that they are accurate.
You can suppress this message by setting them explicitly. Run the
following command and follow the instructions in your editor to edit
your configuration file:

    git config --global --edit

After doing this, you may fix the identity used for this commit with:

    git commit --amend --reset-author

 1 file changed, 1 insertion(+)
 create mode 100644 hello.txt
]0;~]0;abp2558@educcomp01: ~[01;32mabp2558@educcomp01[00m:[01;34m~[00m$ echo "Goodbye" >> hello.txt
]0;~]0;abp2558@educcomp01: ~[01;32mabp2558@educcomp01[00m:[01;34m~[00m$ git add hello.txt
]0;~]0;abp2558@educcomp01: ~[01;32mabp2558@educcomp01[00m:[01;34m~[00m$ git commit -m "Update hello.txt with a second line"
[main 10c4b1d] Update hello.txt with a second line
 Committer: Armaan Pahuja <abp2558@educcomp01.ccbb.utexas.edu>
Your name and email address were configured automatically based
on your username and hostname. Please check that they are accurate.
You can suppress this message by setting them explicitly. Run the
following command and follow the instructions in your editor to edit
your configuration file:

    git config --global --edit

After doing this, you may fix the identity used for this commit with:

    git commit --amend --reset-author

 1 file changed, 1 insertion(+)
]0;~]0;abp2558@educcomp01: ~[01;32mabp2558@educcomp01[00m:[01;34m~[00m$ git push origin main
Username for 'https://github.com': ArmaanPahuja
Password for 'https://ArmaanPahuja@github.com': 
remote: Support for password authentication was removed on August 13, 2021.
remote: Please see https://docs.github.com/get-started/getting-started-with-git/about-remote-repositories#cloning-with-https-urls for information on currently recommended modes of authentication.
fatal: Authentication failed for 'https://github.com/ArmaanPahuja/Week2.git/'
]0;~]0;abp2558@educcomp01: ~[01;32mabp2558@educcomp01[00m:[01;34m~[00m$ git push origin main
Username for 'https://github.com': ArmaanPahuja
Password for 'https://ArmaanPahuja@github.com': 
Enumerating objects: 23, done.
Counting objects:   4% (1/23)Counting objects:   8% (2/23)Counting objects:  13% (3/23)Counting objects:  17% (4/23)Counting objects:  21% (5/23)Counting objects:  26% (6/23)Counting objects:  30% (7/23)Counting objects:  34% (8/23)Counting objects:  39% (9/23)Counting objects:  43% (10/23)Counting objects:  47% (11/23)Counting objects:  52% (12/23)Counting objects:  56% (13/23)Counting objects:  60% (14/23)Counting objects:  65% (15/23)Counting objects:  69% (16/23)Counting objects:  73% (17/23)Counting objects:  78% (18/23)Counting objects:  82% (19/23)Counting objects:  86% (20/23)Counting objects:  91% (21/23)Counting objects:  95% (22/23)Counting objects: 100% (23/23)Counting objects: 100% (23/23), done.
Delta compression using up to 104 threads
Compressing objects:   6% (1/16)Compressing objects:  12% (2/16)Compressing objects:  18% (3/16)Compressing objects:  25% (4/16)Compressing objects:  31% (5/16)Compressing objects:  37% (6/16)Compressing objects:  43% (7/16)Compressing objects:  50% (8/16)Compressing objects:  56% (9/16)Compressing objects:  62% (10/16)Compressing objects:  68% (11/16)Compressing objects:  75% (12/16)Compressing objects:  81% (13/16)Compressing objects:  87% (14/16)Compressing objects:  93% (15/16)Compressing objects: 100% (16/16)Compressing objects: 100% (16/16), done.
Writing objects:   4% (1/23)Writing objects:   8% (2/23)Writing objects:  13% (3/23)Writing objects:  17% (4/23)Writing objects:  21% (5/23)Writing objects:  26% (6/23)Writing objects:  30% (7/23)Writing objects:  34% (8/23)Writing objects:  39% (9/23)Writing objects:  43% (10/23)Writing objects:  47% (11/23)Writing objects:  52% (12/23)Writing objects:  56% (13/23)Writing objects:  60% (14/23)Writing objects:  65% (15/23)Writing objects:  69% (16/23)Writing objects:  73% (17/23)Writing objects:  78% (18/23)Writing objects:  82% (19/23)Writing objects:  86% (20/23)Writing objects:  91% (21/23)Writing objects:  95% (22/23)Writing objects: 100% (23/23)Writing objects: 100% (23/23), 2.13 KiB | 728.00 KiB/s, done.
Total 23 (delta 4), reused 0 (delta 0)
remote: Resolving deltas:   0% (0/4)[Kremote: Resolving deltas:  25% (1/4)[Kremote: Resolving deltas:  50% (2/4)[Kremote: Resolving deltas:  75% (3/4)[Kremote: Resolving deltas: 100% (4/4)[Kremote: Resolving deltas: 100% (4/4), done.[K
To https://github.com/ArmaanPahuja/Week2.git
 * [new branch]      main -> main
]0;~]0;abp2558@educcomp01: ~[01;32mabp2558@educcomp01[00m:[01;34m~[00m$ git remote -v
origin	https://github.com/ArmaanPahuja/Week2.git (fetch)
origin	https://github.com/ArmaanPahuja/Week2.git (push)
]0;~]0;abp2558@educcomp01: ~[01;32mabp2558@educcomp01[00m:[01;34m~[00m$ git remote set-url origin https://github.com/ArmaanPahuja/assignment-4-exercise-1.git
]0;~]0;abp2558@educcomp01: ~[01;32mabp2558@educcomp01[00m:[01;34m~[00m$ git remote -v
origin	https://github.com/ArmaanPahuja/assignment-4-exercise-1.git (fetch)
origin	https://github.com/ArmaanPahuja/assignment-4-exercise-1.git (push)
]0;~]0;abp2558@educcomp01: ~[01;32mabp2558@educcomp01[00m:[01;34m~[00m$ git push origin main
git push origin main
git push origin main
Username for 'https://github.com': Password for 'https://git push origin main@github.com': 
To https://github.com/ArmaanPahuja/assignment-4-exercise-1.git
 [31m! [rejected]       [m main -> main (fetch first)
[31merror: failed to push some refs to 'https://github.com/ArmaanPahuja/assignment-4-exercise-1.git'
[m[33mhint: Updates were rejected because the remote contains work that you do[m
[33mhint: not have locally. This is usually caused by another repository pushing[m
[33mhint: to the same ref. You may want to first integrate the remote changes[m
[33mhint: (e.g., 'git pull ...') before pushing again.[m
[33mhint: See the 'Note about fast-forwards' in 'git push --help' for details.[m
]0;~]0;abp2558@educcomp01: ~[01;32mabp2558@educcomp01[00m:[01;34m~[00m$ git pull origin main --rebase
warning: no common commits
remote: Enumerating objects: 3, done.[K
remote: Counting objects:  33% (1/3)[Kremote: Counting objects:  66% (2/3)[Kremote: Counting objects: 100% (3/3)[Kremote: Counting objects: 100% (3/3), done.[K
remote: Total 3 (delta 0), reused 0 (delta 0), pack-reused 0 (from 0)[K
Unpacking objects:  33% (1/3)Unpacking objects:  66% (2/3)Unpacking objects: 100% (3/3)Unpacking objects: 100% (3/3), 879 bytes | 175.00 KiB/s, done.
From https://github.com/ArmaanPahuja/assignment-4-exercise-1
 * branch            main       -> FETCH_HEAD
 + 10c4b1d...c8321b4 main       -> origin/main  (forced update)
First, rewinding head to replay your work on top of it...
]0;~]0;abp2558@educcomp01: ~[01;32mabp2558@educcomp01[00m:[01;34m~[00m$ git add .
warning: could not open directory '.zfs/shares/': Stale file handle
warning: adding embedded git repository: assignment-4-exercise-1
[33mhint: You've added another git repository inside your current repository.[m
[33mhint: Clones of the outer repository will not contain the contents of[m
[33mhint: the embedded repository and will not know how to obtain it.[m
[33mhint: If you meant to add a submodule, use:[m
[33mhint: [m
[33mhint: 	git submodule add <url> assignment-4-exercise-1[m
[33mhint: [m
[33mhint: If you added this path by mistake, you can remove it from the[m
[33mhint: index with:[m
[33mhint: [m
[33mhint: 	git rm --cached assignment-4-exercise-1[m
[33mhint: [m
[33mhint: See "git help submodule" for more information.[m
]0;~]0;abp2558@educcomp01: ~[01;32mabp2558@educcomp01[00m:[01;34m~[00m$ git rebase --continue
fatal: No rebase in progress?
]0;~]0;abp2558@educcomp01: ~[01;32mabp2558@educcomp01[00m:[01;34m~[00m$ git pull origin main --rebase
error: cannot pull with rebase: You have unstaged changes.
error: additionally, your index contains uncommitted changes.
error: please commit or stash them.
]0;~]0;abp2558@educcomp01: ~[01;32mabp2558@educcomp01[00m:[01;34m~[00m$ git add .
