]0;~]0;abp2558@educcomp01: ~[01;32mabp2558@educcomp01[00m:[01;34m~[00m$ cd /path/to/your/directory
bash: cd: /path/to/your/directory: No such file or directory
]0;~]0;abp2558@educcomp01: ~[01;32mabp2558@educcomp01[00m:[01;34m~[00m$ git clone https://github.com/ArmaanPahuja/assignment-4-exercise-1.git
Cloning into 'assignment-4-exercise-1'...
remote: Enumerating objects: 3, done.[K
remote: Counting objects:  33% (1/3)[Kremote: Counting objects:  66% (2/3)[Kremote: Counting objects: 100% (3/3)[Kremote: Counting objects: 100% (3/3), done.[K
remote: Total 3 (delta 0), reused 0 (delta 0), pack-reused 0 (from 0)[K
Unpacking objects:  33% (1/3)Unpacking objects:  66% (2/3)Unpacking objects: 100% (3/3)Unpacking objects: 100% (3/3), 879 bytes | 175.00 KiB/s, done.
]0;~]0;abp2558@educcomp01: ~[01;32mabp2558@educcomp01[00m:[01;34m~[00m$ cd my-new-repo
bash: cd: my-new-repo: No such file or directory
]0;~]0;abp2558@educcomp01: ~[01;32mabp2558@educcomp01[00m:[01;34m~[00m$ echo "Hello" > hello.txt   [K[K[K[Kt[C[C
]0;~]0;abp2558@educcomp01: ~[01;32mabp2558@educcomp01[00m:[01;34m~[00m$ git add hello.txt
]0;~]0;abp2558@educcomp01: ~[01;32mabp2558@educcomp01[00m:[01;34m~[00m$ git commit -m "Add hello.txt file"
[main 9ff33f8] Add hello.txt file
 Committer: Armaan Pahuja <abp2558@educcomp01.ccbb.utexas.edu>
Your name and email address were configured automatically based
on your username and hostname. Please check that they are accurate.
You can suppress this message by setting them explicitly. Run the
following command and follow the instructions in your editor to edit
your configuration file:

    git config --global --edit

After doing this, you may fix the identity used for this commit with:

    git commit --amend --reset-author

 1 file changed, 1 insertion(+)
 create mode 100644 hello.txt
]0;~]0;abp2558@educcomp01: ~[01;32mabp2558@educcomp01[00m:[01;34m~[00m$ echo "Goodbye" >> hello.txt
]0;~]0;abp2558@educcomp01: ~[01;32mabp2558@educcomp01[00m:[01;34m~[00m$ git add hello.txt
]0;~]0;abp2558@educcomp01: ~[01;32mabp2558@educcomp01[00m:[01;34m~[00m$ git commit -m "Update hello.txt with a second line"
[main 10c4b1d] Update hello.txt with a second line
 Committer: Armaan Pahuja <abp2558@educcomp01.ccbb.utexas.edu>
Your name and email address were configured automatically based
on your username and hostname. Please check that they are accurate.
You can suppress this message by setting them explicitly. Run the
following command and follow the instructions in your editor to edit
your configuration file:

    git config --global --edit

After doing this, you may fix the identity used for this commit with:

    git commit --amend --reset-author

 1 file changed, 1 insertion(+)
]0;~]0;abp2558@educcomp01: ~[01;32mabp2558@educcomp01[00m:[01;34m~[00m$ git push origin main
Username for 'https://github.com': ArmaanPahuja
Password for 'https://ArmaanPahuja@github.com': 
remote: Support for password authentication was removed on August 13, 2021.
remote: Please see https://docs.github.com/get-started/getting-started-with-git/about-remote-repositories#cloning-with-https-urls for information on currently recommended modes of authentication.
fatal: Authentication failed for 'https://github.com/ArmaanPahuja/Week2.git/'
]0;~]0;abp2558@educcomp01: ~[01;32mabp2558@educcomp01[00m:[01;34m~[00m$ git push origin main
Username for 'https://github.com': ArmaanPahuja
Password for 'https://ArmaanPahuja@github.com': 
Enumerating objects: 23, done.
Counting objects:   4% (1/23)Counting objects:   8% (2/23)Counting objects:  13% (3/23)Counting objects:  17% (4/23)Counting objects:  21% (5/23)Counting objects:  26% (6/23)Counting objects:  30% (7/23)Counting objects:  34% (8/23)Counting objects:  39% (9/23)Counting objects:  43% (10/23)Counting objects:  47% (11/23)Counting objects:  52% (12/23)Counting objects:  56% (13/23)Counting objects:  60% (14/23)Counting objects:  65% (15/23)Counting objects:  69% (16/23)Counting objects:  73% (17/23)Counting objects:  78% (18/23)Counting objects:  82% (19/23)Counting objects:  86% (20/23)Counting objects:  91% (21/23)Counting objects:  95% (22/23)Counting objects: 100% (23/23)Counting objects: 100% (23/23), done.
Delta compression using up to 104 threads
Compressing objects:   6% (1/16)Compressing objects:  12% (2/16)Compressing objects:  18% (3/16)Compressing objects:  25% (4/16)Compressing objects:  31% (5/16)Compressing objects:  37% (6/16)Compressing objects:  43% (7/16)Compressing objects:  50% (8/16)Compressing objects:  56% (9/16)Compressing objects:  62% (10/16)Compressing objects:  68% (11/16)Compressing objects:  75% (12/16)Compressing objects:  81% (13/16)Compressing objects:  87% (14/16)Compressing objects:  93% (15/16)Compressing objects: 100% (16/16)Compressing objects: 100% (16/16), done.
Writing objects:   4% (1/23)Writing objects:   8% (2/23)Writing objects:  13% (3/23)Writing objects:  17% (4/23)Writing objects:  21% (5/23)Writing objects:  26% (6/23)Writing objects:  30% (7/23)Writing objects:  34% (8/23)Writing objects:  39% (9/23)Writing objects:  43% (10/23)Writing objects:  47% (11/23)Writing objects:  52% (12/23)Writing objects:  56% (13/23)Writing objects:  60% (14/23)Writing objects:  65% (15/23)Writing objects:  69% (16/23)Writing objects:  73% (17/23)Writing objects:  78% (18/23)Writing objects:  82% (19/23)Writing objects:  86% (20/23)Writing objects:  91% (21/23)Writing objects:  95% (22/23)Writing objects: 100% (23/23)Writing objects: 100% (23/23), 2.13 KiB | 728.00 KiB/s, done.
Total 23 (delta 4), reused 0 (delta 0)
remote: Resolving deltas:   0% (0/4)[Kremote: Resolving deltas:  25% (1/4)[Kremote: Resolving deltas:  50% (2/4)[Kremote: Resolving deltas:  75% (3/4)[Kremote: Resolving deltas: 100% (4/4)[Kremote: Resolving deltas: 100% (4/4), done.[K
To https://github.com/ArmaanPahuja/Week2.git
 * [new branch]      main -> main
]0;~]0;abp2558@educcomp01: ~[01;32mabp2558@educcomp01[00m:[01;34m~[00m$ git remote -v
origin	https://github.com/ArmaanPahuja/Week2.git (fetch)
origin	https://github.com/ArmaanPahuja/Week2.git (push)
]0;~]0;abp2558@educcomp01: ~[01;32mabp2558@educcomp01[00m:[01;34m~[00m$ git remote set-url origin https://github.com/ArmaanPahuja/assignment-4-exercise-1.git
]0;~]0;abp2558@educcomp01: ~[01;32mabp2558@educcomp01[00m:[01;34m~[00m$ git remote -v
origin	https://github.com/ArmaanPahuja/assignment-4-exercise-1.git (fetch)
origin	https://github.com/ArmaanPahuja/assignment-4-exercise-1.git (push)
]0;~]0;abp2558@educcomp01: ~[01;32mabp2558@educcomp01[00m:[01;34m~[00m$ git push origin main
git push origin main
git push origin main
Username for 'https://github.com': Password for 'https://git push origin main@github.com': 
To https://github.com/ArmaanPahuja/assignment-4-exercise-1.git
 [31m! [rejected]       [m main -> main (fetch first)
[31merror: failed to push some refs to 'https://github.com/ArmaanPahuja/assignment-4-exercise-1.git'
[m[33mhint: Updates were rejected because the remote contains work that you do[m
[33mhint: not have locally. This is usually caused by another repository pushing[m
[33mhint: to the same ref. You may want to first integrate the remote changes[m
[33mhint: (e.g., 'git pull ...') before pushing again.[m
[33mhint: See the 'Note about fast-forwards' in 'git push --help' for details.[m
]0;~]0;abp2558@educcomp01: ~[01;32mabp2558@educcomp01[00m:[01;34m~[00m$ git pull origin main --rebase
warning: no common commits
remote: Enumerating objects: 3, done.[K
remote: Counting objects:  33% (1/3)[Kremote: Counting objects:  66% (2/3)[Kremote: Counting objects: 100% (3/3)[Kremote: Counting objects: 100% (3/3), done.[K
remote: Total 3 (delta 0), reused 0 (delta 0), pack-reused 0 (from 0)[K
Unpacking objects:  33% (1/3)Unpacking objects:  66% (2/3)Unpacking objects: 100% (3/3)Unpacking objects: 100% (3/3), 879 bytes | 175.00 KiB/s, done.
From https://github.com/ArmaanPahuja/assignment-4-exercise-1
 * branch            main       -> FETCH_HEAD
 + 10c4b1d...c8321b4 main       -> origin/main  (forced update)
First, rewinding head to replay your work on top of it...
]0;~]0;abp2558@educcomp01: ~[01;32mabp2558@educcomp01[00m:[01;34m~[00m$ git add .
warning: could not open directory '.zfs/shares/': Stale file handle
warning: adding embedded git repository: assignment-4-exercise-1
[33mhint: You've added another git repository inside your current repository.[m
[33mhint: Clones of the outer repository will not contain the contents of[m
[33mhint: the embedded repository and will not know how to obtain it.[m
[33mhint: If you meant to add a submodule, use:[m
[33mhint: [m
[33mhint: 	git submodule add <url> assignment-4-exercise-1[m
[33mhint: [m
[33mhint: If you added this path by mistake, you can remove it from the[m
[33mhint: index with:[m
[33mhint: [m
[33mhint: 	git rm --cached assignment-4-exercise-1[m
[33mhint: [m
[33mhint: See "git help submodule" for more information.[m
]0;~]0;abp2558@educcomp01: ~[01;32mabp2558@educcomp01[00m:[01;34m~[00m$ git rebase --continue
fatal: No rebase in progress?
]0;~]0;abp2558@educcomp01: ~[01;32mabp2558@educcomp01[00m:[01;34m~[00m$ git pull origin main --rebase
error: cannot pull with rebase: You have unstaged changes.
error: additionally, your index contains uncommitted changes.
error: please commit or stash them.
]0;~]0;abp2558@educcomp01: ~[01;32mabp2558@educcomp01[00m:[01;34m~[00m$ git add .
warning: could not open directory '.zfs/shares/': Stale file handle
]0;~]0;abp2558@educcomp01: ~[01;32mabp2558@educcomp01[00m:[01;34m~[00m$ git commit -m "Save current changes"
[main 04da934] Save current changes
 Committer: Armaan Pahuja <abp2558@educcomp01.ccbb.utexas.edu>
Your name and email address were configured automatically based
on your username and hostname. Please check that they are accurate.
You can suppress this message by setting them explicitly. Run the
following command and follow the instructions in your editor to edit
your configuration file:

    git config --global --edit

After doing this, you may fix the identity used for this commit with:

    git commit --amend --reset-author

 77 files changed, 1230 insertions(+)
 create mode 100644 .bash_logout
 create mode 100644 .bashrc
 create mode 100644 .cache/deno/dep_analysis_cache_v1
 create mode 100644 .cache/deno/dep_analysis_cache_v1-journal
 create mode 100644 .cache/deno/node_analysis_cache_v1
 create mode 100644 .cache/deno/node_analysis_cache_v1-journal
 create mode 100644 .config/rstudio/rstudio-prefs.json
 create mode 100644 .local/share/rstudio/addin_registry
 create mode 100644 .local/share/rstudio/client-state/environment-grid.persistent
 create mode 100644 .local/share/rstudio/client-state/quarto.persistent
 create mode 100644 .local/share/rstudio/client-state/source-column-manager.persistent
 create mode 100644 .local/share/rstudio/client-state/themes.persistent
 create mode 100644 .local/share/rstudio/client-state/workbenchp.persistent
 create mode 100644 .local/share/rstudio/history_database
 create mode 100644 .local/share/rstudio/monitored/lists/command_palette_mru
 create mode 100644 .local/share/rstudio/monitored/lists/file_mru
 create mode 100644 .local/share/rstudio/monitored/lists/help_history_links
 create mode 100644 .local/share/rstudio/monitored/lists/plot_publish_mru
 create mode 100644 .local/share/rstudio/monitored/lists/project_mru
 create mode 100644 .local/share/rstudio/monitored/lists/project_name_mru
 create mode 100644 .local/share/rstudio/monitored/lists/user_dictionary
 create mode 100644 .local/share/rstudio/notebooks/patch-chunk-names
 create mode 100644 .local/share/rstudio/pcs/files-pane.pper
 create mode 100644 .local/share/rstudio/pcs/source-pane.pper
 create mode 100644 .local/share/rstudio/pcs/windowlayoutstate.pper
 create mode 100644 .local/share/rstudio/pcs/workbench-pane.pper
 create mode 100644 .local/share/rstudio/persistent-state
 create mode 100644 .local/share/rstudio/projects/none/console07/56F0B0E8
 create mode 100644 .local/share/rstudio/projects/none/console07/56F0B0E8.env
 create mode 100644 .local/share/rstudio/projects/none/console07/E5A27CBB
 create mode 100644 .local/share/rstudio/projects/none/console07/E5A27CBB.env
 create mode 100644 .local/share/rstudio/projects/none/console07/INDEX001
 create mode 100644 .local/share/rstudio/projects_settings/last-project-path
 create mode 100644 .local/share/rstudio/projects_settings/next-session-project
 create mode 100644 .local/share/rstudio/projects_settings/project-id-mappings
 create mode 100644 .local/share/rstudio/rstudio-server.json
 create mode 100644 .local/share/rstudio/saved_source_markers
 create mode 100644 .local/share/rstudio/sessions/active/session-e1c4ec7d/graphics-r3/INDEX
 create mode 100644 .local/share/rstudio/sessions/active/session-e1c4ec7d/graphics-r3/empty.png
 create mode 100644 .local/share/rstudio/sessions/active/session-e1c4ec7d/properites/activity_state
 create mode 100644 .local/share/rstudio/sessions/active/session-e1c4ec7d/properites/blocking_suspend
 create mode 100644 .local/share/rstudio/sessions/active/session-e1c4ec7d/properites/created
 create mode 100644 .local/share/rstudio/sessions/active/session-e1c4ec7d/properites/editor
 create mode 100644 .local/share/rstudio/sessions/active/session-e1c4ec7d/properites/executing
 create mode 100644 .local/share/rstudio/sessions/active/session-e1c4ec7d/properites/initial
 create mode 100644 .local/share/rstudio/sessions/active/session-e1c4ec7d/properites/label
 create mode 100644 .local/share/rstudio/sessions/active/session-e1c4ec7d/properites/last-used
 create mode 100644 .local/share/rstudio/sessions/active/session-e1c4ec7d/properites/last_resumed
 create mode 100644 .local/share/rstudio/sessions/active/session-e1c4ec7d/properites/last_state_updated
 create mode 100644 .local/share/rstudio/sessions/active/session-e1c4ec7d/properites/launch-parameters
 create mode 100644 .local/share/rstudio/sessions/active/session-e1c4ec7d/properites/project
 create mode 100644 .local/share/rstudio/sessions/active/session-e1c4ec7d/properites/r-version
 create mode 100644 .local/share/rstudio/sessions/active/session-e1c4ec7d/properites/r-version-home
 create mode 100644 .local/share/rstudio/sessions/active/session-e1c4ec7d/properites/r-version-label
 create mode 100644 .local/share/rstudio/sessions/active/session-e1c4ec7d/properites/running
 create mode 100644 .local/share/rstudio/sessions/active/session-e1c4ec7d/properites/save_prompt_required
 create mode 100644 .local/share/rstudio/sessions/active/session-e1c4ec7d/properites/suspend_timestamp
 create mode 100644 .local/share/rstudio/sessions/active/session-e1c4ec7d/properites/working-dir
 create mode 100644 .local/share/rstudio/sessions/active/session-e1c4ec7d/rmd-outputs
 create mode 100644 .local/share/rstudio/sessions/active/session-e1c4ec7d/session-persistent-state
 create mode 100644 .local/share/rstudio/sessions/active/session-e1c4ec7d/suspended-session-data/after_restart_command
 create mode 100644 .local/share/rstudio/sessions/active/session-e1c4ec7d/suspended-session-data/console_actions
 create mode 100644 .local/share/rstudio/sessions/active/session-e1c4ec7d/suspended-session-data/environment
 create mode 100644 .local/share/rstudio/sessions/active/session-e1c4ec7d/suspended-session-data/environment_vars
 create mode 100644 .local/share/rstudio/sessions/active/session-e1c4ec7d/suspended-session-data/history
 create mode 100644 .local/share/rstudio/sessions/active/session-e1c4ec7d/suspended-session-data/libpaths
 create mode 100644 .local/share/rstudio/sessions/active/session-e1c4ec7d/suspended-session-data/options
 create mode 100644 .local/share/rstudio/sessions/active/session-e1c4ec7d/suspended-session-data/rversion
 create mode 100644 .local/share/rstudio/sessions/active/session-e1c4ec7d/suspended-session-data/search_path/package_paths
 create mode 100644 .local/share/rstudio/sessions/active/session-e1c4ec7d/suspended-session-data/search_path/search_path_elements
 create mode 100644 .local/share/rstudio/sessions/active/session-e1c4ec7d/suspended-session-data/settings
 create mode 100644 .local/share/rstudio/sources/session-e1c4ec7d/49C5318C-contents
 create mode 100644 .local/share/rstudio/sources/session-e1c4ec7d/509BB974-contents
 create mode 100644 .local/share/rstudio/sources/session-e1c4ec7d/lock_file
 create mode 100644 .profile
 create mode 100644 .sh_history
 create mode 160000 assignment-4-exercise-1
]0;~]0;abp2558@educcomp01: ~[01;32mabp2558@educcomp01[00m:[01;34m~[00m$ git pull origin main --rebase
error: cannot pull with rebase: You have unstaged changes.
error: please commit or stash them.
]0;~]0;abp2558@educcomp01: ~[01;32mabp2558@educcomp01[00m:[01;34m~[00m$ git push origin main
Username for 'https://github.com': ArmaanPahuja
Password for 'https://ArmaanPahuja@github.com': 
Enumerating objects: 82, done.
Counting objects:   1% (1/82)Counting objects:   2% (2/82)Counting objects:   3% (3/82)Counting objects:   4% (4/82)Counting objects:   6% (5/82)Counting objects:   7% (6/82)Counting objects:   8% (7/82)Counting objects:   9% (8/82)Counting objects:  10% (9/82)Counting objects:  12% (10/82)Counting objects:  13% (11/82)Counting objects:  14% (12/82)Counting objects:  15% (13/82)Counting objects:  17% (14/82)Counting objects:  18% (15/82)Counting objects:  19% (16/82)Counting objects:  20% (17/82)Counting objects:  21% (18/82)Counting objects:  23% (19/82)Counting objects:  24% (20/82)Counting objects:  25% (21/82)Counting objects:  26% (22/82)Counting objects:  28% (23/82)Counting objects:  29% (24/82)Counting objects:  30% (25/82)Counting objects:  31% (26/82)Counting objects:  32% (27/82)Counting objects:  34% (28/82)Counting objects:  35% (29/82)Counting objects:  36% (30/82)Counting objects:  37% (31/82)Counting objects:  39% (32/82)Counting objects:  40% (33/82)Counting objects:  41% (34/82)Counting objects:  42% (35/82)Counting objects:  43% (36/82)Counting objects:  45% (37/82)Counting objects:  46% (38/82)Counting objects:  47% (39/82)Counting objects:  48% (40/82)Counting objects:  50% (41/82)Counting objects:  51% (42/82)Counting objects:  52% (43/82)Counting objects:  53% (44/82)Counting objects:  54% (45/82)Counting objects:  56% (46/82)Counting objects:  57% (47/82)Counting objects:  58% (48/82)Counting objects:  59% (49/82)Counting objects:  60% (50/82)Counting objects:  62% (51/82)Counting objects:  63% (52/82)Counting objects:  64% (53/82)Counting objects:  65% (54/82)Counting objects:  67% (55/82)Counting objects:  68% (56/82)Counting objects:  69% (57/82)Counting objects:  70% (58/82)Counting objects:  71% (59/82)Counting objects:  73% (60/82)Counting objects:  74% (61/82)Counting objects:  75% (62/82)Counting objects:  76% (63/82)Counting objects:  78% (64/82)Counting objects:  79% (65/82)Counting objects:  80% (66/82)Counting objects:  81% (67/82)Counting objects:  82% (68/82)Counting objects:  84% (69/82)Counting objects:  85% (70/82)Counting objects:  86% (71/82)Counting objects:  87% (72/82)Counting objects:  89% (73/82)Counting objects:  90% (74/82)Counting objects:  91% (75/82)Counting objects:  92% (76/82)Counting objects:  93% (77/82)Counting objects:  95% (78/82)Counting objects:  96% (79/82)Counting objects:  97% (80/82)Counting objects:  98% (81/82)Counting objects: 100% (82/82)Counting objects: 100% (82/82), done.
Delta compression using up to 104 threads
Compressing objects:   2% (1/46)Compressing objects:   4% (2/46)Compressing objects:   6% (3/46)Compressing objects:   8% (4/46)Compressing objects:  10% (5/46)Compressing objects:  13% (6/46)Compressing objects:  15% (7/46)Compressing objects:  17% (8/46)Compressing objects:  19% (9/46)Compressing objects:  21% (10/46)Compressing objects:  23% (11/46)Compressing objects:  26% (12/46)Compressing objects:  28% (13/46)Compressing objects:  30% (14/46)Compressing objects:  32% (15/46)Compressing objects:  34% (16/46)Compressing objects:  36% (17/46)Compressing objects:  39% (18/46)Compressing objects:  41% (19/46)Compressing objects:  43% (20/46)Compressing objects:  45% (21/46)Compressing objects:  47% (22/46)Compressing objects:  50% (23/46)Compressing objects:  52% (24/46)Compressing objects:  54% (25/46)Compressing objects:  56% (26/46)Compressing objects:  58% (27/46)Compressing objects:  60% (28/46)Compressing objects:  63% (29/46)Compressing objects:  65% (30/46)Compressing objects:  67% (31/46)Compressing objects:  69% (32/46)Compressing objects:  71% (33/46)Compressing objects:  73% (34/46)Compressing objects:  76% (35/46)Compressing objects:  78% (36/46)Compressing objects:  80% (37/46)Compressing objects:  82% (38/46)Compressing objects:  84% (39/46)Compressing objects:  86% (40/46)Compressing objects:  89% (41/46)Compressing objects:  91% (42/46)Compressing objects:  93% (43/46)Compressing objects:  95% (44/46)Compressing objects:  97% (45/46)Compressing objects: 100% (46/46)Compressing objects: 100% (46/46), done.
Writing objects:   1% (1/81)Writing objects:   2% (2/81)Writing objects:   3% (3/81)Writing objects:   4% (4/81)Writing objects:   6% (5/81)Writing objects:   7% (6/81)Writing objects:   8% (7/81)Writing objects:   9% (8/81)Writing objects:  11% (9/81)Writing objects:  12% (10/81)Writing objects:  13% (11/81)Writing objects:  14% (12/81)Writing objects:  16% (13/81)Writing objects:  17% (14/81)Writing objects:  18% (15/81)Writing objects:  19% (16/81)Writing objects:  20% (17/81)Writing objects:  22% (18/81)Writing objects:  23% (19/81)Writing objects:  24% (20/81)Writing objects:  25% (21/81)Writing objects:  27% (22/81)Writing objects:  28% (23/81)Writing objects:  29% (24/81)Writing objects:  30% (25/81)Writing objects:  32% (26/81)Writing objects:  33% (27/81)Writing objects:  34% (28/81)Writing objects:  35% (29/81)Writing objects:  37% (30/81)Writing objects:  38% (31/81)Writing objects:  39% (32/81)Writing objects:  40% (33/81)Writing objects:  41% (34/81)Writing objects:  43% (35/81)Writing objects:  44% (36/81)Writing objects:  46% (38/81)Writing objects:  48% (39/81)Writing objects:  49% (40/81)Writing objects:  50% (41/81)Writing objects:  51% (42/81)Writing objects:  53% (43/81)Writing objects:  54% (44/81)Writing objects:  55% (45/81)Writing objects:  56% (46/81)Writing objects:  58% (47/81)Writing objects:  59% (48/81)Writing objects:  60% (49/81)Writing objects:  61% (50/81)Writing objects:  62% (51/81)Writing objects:  64% (52/81)Writing objects:  65% (53/81)Writing objects:  66% (54/81)Writing objects:  67% (55/81)Writing objects:  69% (56/81)Writing objects:  70% (57/81)Writing objects:  71% (58/81)Writing objects:  72% (59/81)Writing objects:  74% (60/81)Writing objects:  75% (61/81)Writing objects:  76% (62/81)Writing objects:  77% (63/81)Writing objects:  79% (64/81)Writing objects:  80% (65/81)Writing objects:  81% (66/81)Writing objects:  82% (67/81)Writing objects:  83% (68/81)Writing objects:  85% (69/81)Writing objects:  86% (70/81)Writing objects:  87% (71/81)Writing objects:  88% (72/81)Writing objects:  90% (73/81)Writing objects:  91% (74/81)Writing objects:  92% (75/81)Writing objects:  93% (76/81)Writing objects:  95% (77/81)Writing objects:  96% (78/81)Writing objects:  97% (79/81)Writing objects:  98% (80/81)Writing objects: 100% (81/81)Writing objects: 100% (81/81), 438.48 KiB | 3.75 MiB/s, done.
Total 81 (delta 2), reused 0 (delta 0)
remote: Resolving deltas:   0% (0/2)[Kremote: Resolving deltas:  50% (1/2)[Kremote: Resolving deltas: 100% (2/2)[Kremote: Resolving deltas: 100% (2/2), done.[K
To https://github.com/ArmaanPahuja/assignment-4-exercise-1.git
   c8321b4..04da934  main -> main
]0;~]0;abp2558@educcomp01: ~[01;32mabp2558@educcomp01[00m:[01;34m~[00m$ git clone https://github.com/your-username/assignment-4-exercise-2.git
Cloning into 'assignment-4-exercise-2'...
Username for 'https://github.com': ArmaanPahuja
Password for 'https://ArmaanPahuja@github.com': 
remote: Repository not found.
fatal: repository 'https://github.com/your-username/assignment-4-exercise-2.git/' not found
]0;~]0;abp2558@educcomp01: ~[01;32mabp2558@educcomp01[00m:[01;34m~[00m$ git clone https://github.com/your-username/assignment-4-exercise-2.git
Cloning into 'assignment-4-exercise-2'...
Username for 'https://github.com': ArmaanPahuja
Password for 'https://ArmaanPahuja@github.com': 
remote: Repository not found.
fatal: repository 'https://github.com/your-username/assignment-4-exercise-2.git/' not found
]0;~]0;abp2558@educcomp01: ~[01;32mabp2558@educcomp01[00m:[01;34m~[00m$ git clone https://github.com/ArmaanPahuja/assignment-4-exercise-2.git
Cloning into 'assignment-4-exercise-2'...
remote: Enumerating objects: 3, done.[K
remote: Counting objects:  33% (1/3)[Kremote: Counting objects:  66% (2/3)[Kremote: Counting objects: 100% (3/3)[Kremote: Counting objects: 100% (3/3), done.[K
remote: Compressing objects:  50% (1/2)[Kremote: Compressing objects: 100% (2/2)[Kremote: Compressing objects: 100% (2/2), done.[K
remote: Total 3 (delta 0), reused 3 (delta 0), pack-reused 0 (from 0)[K
Unpacking objects:  33% (1/3)Unpacking objects:  66% (2/3)Unpacking objects: 100% (3/3)Unpacking objects: 100% (3/3), 274 bytes | 54.00 KiB/s, done.
]0;~]0;abp2558@educcomp01: ~[01;32mabp2558@educcomp01[00m:[01;34m~[00m$ v[Kgit remote add upstream https://github.com/willbeason/assignment-4-exercise-2.git
]0;~]0;abp2558@educcomp01: ~[01;32mabp2558@educcomp01[00m:[01;34m~[00m$ git fetch --all
Fetching origin
Fetching upstream
warning: no common commits
remote: Enumerating objects: 9, done.[K
remote: Counting objects:  11% (1/9)[Kremote: Counting objects:  22% (2/9)[Kremote: Counting objects:  33% (3/9)[Kremote: Counting objects:  44% (4/9)[Kremote: Counting objects:  55% (5/9)[Kremote: Counting objects:  66% (6/9)[Kremote: Counting objects:  77% (7/9)[Kremote: Counting objects:  88% (8/9)[Kremote: Counting objects: 100% (9/9)[Kremote: Counting objects: 100% (9/9), done.[K
remote: Compressing objects:  12% (1/8)[Kremote: Compressing objects:  25% (2/8)[Kremote: Compressing objects:  37% (3/8)[Kremote: Compressing objects:  50% (4/8)[Kremote: Compressing objects:  62% (5/8)[Kremote: Compressing objects:  75% (6/8)[Kremote: Compressing objects:  87% (7/8)[Kremote: Compressing objects: 100% (8/8)[Kremote: Compressing objects: 100% (8/8), done.[K
remote: Total 9 (delta 0), reused 9 (delta 0), pack-reused 0 (from 0)[K
Unpacking objects:  11% (1/9)Unpacking objects:  22% (2/9)Unpacking objects:  33% (3/9)Unpacking objects:  44% (4/9)Unpacking objects:  55% (5/9)Unpacking objects:  66% (6/9)Unpacking objects:  77% (7/9)Unpacking objects:  88% (8/9)Unpacking objects: 100% (9/9)Unpacking objects: 100% (9/9), 924 bytes | 48.00 KiB/s, done.
From https://github.com/willbeason/assignment-4-exercise-2
 * [new branch]      main       -> upstream/main
 * [new branch]      option-1   -> upstream/option-1
 * [new branch]      option-2   -> upstream/option-2
]0;~]0;abp2558@educcomp01: ~[01;32mabp2558@educcomp01[00m:[01;34m~[00m$ git checkout option-1
error: Your local changes to the following files would be overwritten by checkout:
	.local/share/rstudio/projects/none/console07/56F0B0E8
Please commit your changes or stash them before you switch branches.
Aborting
]0;~]0;abp2558@educcomp01: ~[01;32mabp2558@educcomp01[00m:[01;34m~[00m$ git checkout option-2
error: Your local changes to the following files would be overwritten by checkout:
	.local/share/rstudio/projects/none/console07/56F0B0E8
Please commit your changes or stash them before you switch branches.
Aborting
]0;~]0;abp2558@educcomp01: ~[01;32mabp2558@educcomp01[00m:[01;34m~[00m$ git checkout main
M	.local/share/rstudio/projects/none/console07/56F0B0E8
Already on 'main'
]0;~]0;abp2558@educcomp01: ~[01;32mabp2558@educcomp01[00m:[01;34m~[00m$ git checkout main
M	.local/share/rstudio/projects/none/console07/56F0B0E8
Already on 'main'
]0;~]0;abp2558@educcomp01: ~[01;32mabp2558@educcomp01[00m:[01;34m~[00m$ git merge option-1
merge: option-1 - not something we can merge

Did you mean this?
	upstream/option-1
]0;~]0;abp2558@educcomp01: ~[01;32mabp2558@educcomp01[00m:[01;34m~[00m$ git fetch upstream
]0;~]0;abp2558@educcomp01: ~[01;32mabp2558@educcomp01[00m:[01;34m~[00m$ git checkout -b option-1 upstream/option-1
error: Your local changes to the following files would be overwritten by checkout:
	.local/share/rstudio/projects/none/console07/56F0B0E8
Please commit your changes or stash them before you switch branches.
Aborting
]0;~]0;abp2558@educcomp01: ~[01;32mabp2558@educcomp01[00m:[01;34m~[00m$ git checkout -b option-2 upstream/option-2
error: Your local changes to the following files would be overwritten by checkout:
	.local/share/rstudio/projects/none/console07/56F0B0E8
Please commit your changes or stash them before you switch branches.
Aborting
]0;~]0;abp2558@educcomp01: ~[01;32mabp2558@educcomp01[00m:[01;34m~[00m$ git checkout main
M	.local/share/rstudio/projects/none/console07/56F0B0E8
Already on 'main'
]0;~]0;abp2558@educcomp01: ~[01;32mabp2558@educcomp01[00m:[01;34m~[00m$ git merge option-1
merge: option-1 - not something we can merge

Did you mean this?
	upstream/option-1
]0;~]0;abp2558@educcomp01: ~[01;32mabp2558@educcomp01[00m:[01;34m~[00m$ Yes
Yes: command not found
]0;~]0;abp2558@educcomp01: ~[01;32mabp2558@educcomp01[00m:[01;34m~[00m$ git add .
